// Jest Snapshot v1, https://goo.gl/fbAQLP

exports[`WelcomeScreen matches snapshot 1`] = `
<View
  style={
    {
      "backgroundColor": "#fff",
      "flex": 1,
      "paddingHorizontal": 24,
    }
  }
>
  <View
    style={
      {
        "position": "absolute",
        "right": 16,
        "top": 16,
        "zIndex": 10,
      }
    }
  >
    <View
      testID="menu-icon"
    />
  </View>
  <View
    style={
      {
        "alignItems": "center",
        "flex": 1,
        "gap": 16,
        "justifyContent": "center",
      }
    }
  >
    <View
      testID="app-logo"
    />
    <Text
      style={
        {
          "color": "#333",
          "fontSize": 16,
          "lineHeight": 22,
          "marginTop": 8,
          "textAlign": "center",
        }
      }
    >
      Know your limit for
      

      a better end of month
    </Text>
    <View
      style={
        {
          "alignItems": "center",
          "gap": 12,
          "marginTop": 16,
          "width": "100%",
        }
      }
    >
      <Text
        onPress={[MockFunction]}
        testID="app-button-Sign in"
      >
        Sign in
      </Text>
      <Text
        onPress={[MockFunction]}
        testID="app-button-Sign up"
      >
        Sign up
      </Text>
    </View>
    <Text
      style={
        {
          "color": "#666",
          "fontSize": 14,
          "marginTop": 16,
        }
      }
    >
      Log in with Social Media
    </Text>
    <View
      testID="social-buttons"
    />
  </View>
</View>
`;
